../Core/Src/main.c:52:5:main	32	static
../Core/Src/main.c:87:6:Parse_Command	144	static
../Core/Src/main.c:117:6:Start_Stepper	24	static
../Core/Src/main.c:147:10:RPM_To_Period	24	static
../Core/Src/main.c:154:6:HAL_TIM_PeriodElapsedCallback	88	static
../Core/Src/main.c:184:6:TIM3_IRQHandler	8	static
../Core/Src/main.c:189:6:HAL_UART_RxCpltCallback	16	static
../Core/Src/main.c:218:6:SystemClock_Config	88	static
../Core/Src/main.c:266:13:MX_TIM2_Init	48	static
../Core/Src/main.c:306:13:MX_TIM3_Init	32	static
../Core/Src/main.c:345:13:MX_USART2_UART_Init	8	static
../Core/Src/main.c:368:13:MX_GPIO_Init	48	static
../Core/Src/main.c:401:6:Error_Handler	4	static,ignoring_inline_asm
