../Core/Src/main.c:52:5:main	1
../Core/Src/main.c:87:6:Parse_Command	3
../Core/Src/main.c:117:6:Start_Stepper	1
../Core/Src/main.c:147:10:RPM_To_Period	1
../Core/Src/main.c:155:6:HAL_TIM_PeriodElapsedCallback	4
../Core/Src/main.c:185:6:TIM3_IRQHandler	1
../Core/Src/main.c:190:6:HAL_UART_RxCpltCallback	5
../Core/Src/main.c:219:6:SystemClock_Config	3
../Core/Src/main.c:267:13:MX_TIM2_Init	4
../Core/Src/main.c:307:13:MX_TIM3_Init	4
../Core/Src/main.c:346:13:MX_USART2_UART_Init	2
../Core/Src/main.c:369:13:MX_GPIO_Init	1
../Core/Src/main.c:402:6:Error_Handler	1
